[appstack.bootlab.io/dashboard-defaultc7f2.html]
[backblue.gif]
[fade.gif]
[index.html]
[appstack.bootlab.io/dashboard-default.html]
[appstack.bootlab.io/img/favicon.ico]
[appstack.bootlab.io/js/settings.js]
[appstack.bootlab.io/index.html]
[appstack.bootlab.io/dashboard-default-2.html]
[appstack.bootlab.io/dashboard-analytics.html]
[appstack.bootlab.io/dashboard-social.html]
[appstack.bootlab.io/dashboard-crypto.html]
[appstack.bootlab.io/ecommerce-products.html]
[appstack.bootlab.io/css/app.css]
[appstack.bootlab.io/ecommerce-products-details.html]
[appstack.bootlab.io/ecommerce-orders.html]
[appstack.bootlab.io/ecommerce-customers.html]
[appstack.bootlab.io/projects-overview.html]
[appstack.bootlab.io/ecommerce-pricing.html]
[appstack.bootlab.io/projects-details.html]
[appstack.bootlab.io/ecommerce-invoice.html]
[appstack.bootlab.io/chat.html]
[appstack.bootlab.io/file-manager.html]
[appstack.bootlab.io/calendar.html]
[appstack.bootlab.io/email-inbox.html]
[appstack.bootlab.io/email-details.html]
[appstack.bootlab.io/tasks-list.html]
[appstack.bootlab.io/tasks-kanban.html]
[appstack.bootlab.io/pages-profile.html]
[appstack.bootlab.io/pages-settings.html]
[appstack.bootlab.io/auth-sign-in.html]
[appstack.bootlab.io/auth-sign-in-cover.html]
[appstack.bootlab.io/auth-sign-up.html]
[appstack.bootlab.io/auth-sign-up-cover.html]
[appstack.bootlab.io/auth-reset-password.html]
[appstack.bootlab.io/auth-reset-password-cover.html]
[appstack.bootlab.io/auth-lock-screen.html]
[appstack.bootlab.io/auth-lock-screen-cover.html]
[appstack.bootlab.io/auth-2fa.html]
[appstack.bootlab.io/auth-2fa-cover.html]
[appstack.bootlab.io/auth-404.html]
[appstack.bootlab.io/auth-500.html]
[appstack.bootlab.io/landing.html]
[appstack.bootlab.io/pages-blank.html]
[appstack.bootlab.io/docs-plugins.html]
[appstack.bootlab.io/docs-customization.html]
[appstack.bootlab.io/docs-introduction.html]
[appstack.bootlab.io/ui-alerts.html]
[appstack.bootlab.io/ui-buttons.html]
[appstack.bootlab.io/docs-changelog.html]
[appstack.bootlab.io/ui-cards.html]
[appstack.bootlab.io/ui-carousel.html]
[appstack.bootlab.io/ui-embed-video.html]
[appstack.bootlab.io/ui-general.html]
[appstack.bootlab.io/ui-grid.html]
[appstack.bootlab.io/ui-modals.html]
[appstack.bootlab.io/docs-installation.html]
[appstack.bootlab.io/ui-offcanvas.html]
[appstack.bootlab.io/ui-placeholders.html]
[appstack.bootlab.io/icons-lucide.html]
[appstack.bootlab.io/ui-tabs.html]
[appstack.bootlab.io/ui-typography.html]
[appstack.bootlab.io/icons-font-awesome.html]
[appstack.bootlab.io/forms-layouts.html]
[appstack.bootlab.io/forms-basic-inputs.html]
[appstack.bootlab.io/forms-input-groups.html]
[appstack.bootlab.io/forms-floating-labels.html]
[appstack.bootlab.io/tables.html]
[appstack.bootlab.io/forms-advanced-inputs.html]
[appstack.bootlab.io/forms-validation.html]
[appstack.bootlab.io/forms-editors.html]
[appstack.bootlab.io/forms-wizard.html]
[appstack.bootlab.io/datatables-responsive.html]
[appstack.bootlab.io/datatables-buttons.html]
[appstack.bootlab.io/datatables-column-search.html]
[appstack.bootlab.io/datatables-fixed-header.html]
[appstack.bootlab.io/datatables-multi.html]
[appstack.bootlab.io/datatables-ajax.html]
[appstack.bootlab.io/charts-chartjs.html]
[appstack.bootlab.io/charts-apexcharts.html]
[appstack.bootlab.io/notifications.html]
[appstack.bootlab.io/maps-google.html]
[appstack.bootlab.io/maps-vector.html]
[appstack.bootlab.io/img/avatars/avatar-5.jpg]
[appstack.bootlab.io/img/avatars/avatar-2.jpg]
[appstack.bootlab.io/img/avatars/avatar-4.jpg]
[appstack.bootlab.io/img/avatars/avatar-3.jpg]
[appstack.bootlab.io/img/flags/us.png]
[appstack.bootlab.io/img/flags/es.png]
[appstack.bootlab.io/img/flags/de.png]
[appstack.bootlab.io/img/flags/nl.png]
[appstack.bootlab.io/img/avatars/avatar.jpg]
[appstack.bootlab.io/img/illustrations/customer-support.png]
[appstack.bootlab.io/img/brands/brand-2.svg]
[appstack.bootlab.io/img/brands/brand-4.svg]
[appstack.bootlab.io/dashboard-defaultc7f2.html]
[appstack.bootlab.io/dashboard-default.html]
[appstack.bootlab.io/fonts/fa-brands-400.woff2]
[appstack.bootlab.io/fonts/fa-brands-400.ttf]
[appstack.bootlab.io/fonts/fa-regular-400.woff2]
[appstack.bootlab.io/fonts/fa-regular-400.ttf]
[appstack.bootlab.io/fonts/fa-solid-900.woff2]
[appstack.bootlab.io/fonts/fa-solid-900.ttf]
[appstack.bootlab.io/css/app.css]
[appstack.bootlab.io/index-2.html]
[appstack.bootlab.io/img/screenshots/mixed.jpg]
[appstack.bootlab.io/dashboard-defaultd976.html]
[appstack.bootlab.io/img/screenshots/theme-default.jpg]
[appstack.bootlab.io/dashboard-defaultc765.html]
[appstack.bootlab.io/js/app.js]
[appstack.bootlab.io/img/screenshots/sidebar-compact.jpg]
[appstack.bootlab.io/dashboard-default4965.html]
[appstack.bootlab.io/img/screenshots/theme-dark.jpg]
[appstack.bootlab.io/img/screenshots/theme-colored.jpg]
[appstack.bootlab.io/dashboard-default6a08.html]
[appstack.bootlab.io/img/screenshots/theme-light.jpg]
[appstack.bootlab.io/img/screenshots/sidebar-right.jpg]
[appstack.bootlab.io/dashboard-default6534.html]
[appstack.bootlab.io/img/brands/bootstrap.svg]
[appstack.bootlab.io/img/screenshots/dashboard-default.jpg]
[appstack.bootlab.io/img/screenshots/dashboard-analytics.jpg]
[appstack.bootlab.io/img/screenshots/dashboard-saas.jpg]
[appstack.bootlab.io/pages-projects-list.77.delayed]
[appstack.bootlab.io/img/screenshots/pages-projects-list.jpg]
[appstack.bootlab.io/img/screenshots/dashboard-crypto.jpg]
[appstack.bootlab.io/img/screenshots/landing.jpg]
[appstack.bootlab.io/index.html]
[appstack.bootlab.io/dashboard-default-2.html]
[appstack.bootlab.io/dashboard-analytics-2.html]
[appstack.bootlab.io/img/illustrations/searching.png]
[appstack.bootlab.io/dashboard-analytics.html]
[appstack.bootlab.io/dashboard-social-2.html]
[appstack.bootlab.io/img/photos/unsplash-2.jpg]
[appstack.bootlab.io/img/photos/unsplash-3.jpg]
[appstack.bootlab.io/img/photos/unsplash-1.jpg]
[appstack.bootlab.io/dashboard-social.html]
[appstack.bootlab.io/dashboard-saas]
[appstack.bootlab.io/dashboard-crypto.html]
[appstack.bootlab.io/dashboard-crypto-2.html]
[appstack.bootlab.io/ecommerce-products-2.html]
[appstack.bootlab.io/img/products/product-8.png]
[appstack.bootlab.io/img/products/product-3.png]
[appstack.bootlab.io/img/products/product-5.png]
[appstack.bootlab.io/img/products/product-7.png]
[appstack.bootlab.io/img/products/product-6.png]
[appstack.bootlab.io/img/products/product-11.png]
[appstack.bootlab.io/img/products/product-12.png]
[appstack.bootlab.io/img/products/product-10.png]
[appstack.bootlab.io/img/products/product-1.png]
[appstack.bootlab.io/img/products/product-2.png]
[appstack.bootlab.io/ecommerce-products.html]
[appstack.bootlab.io/ecommerce-products-details-2.html]
[appstack.bootlab.io/img/products/product-detail-2.png]
[appstack.bootlab.io/img/products/product-detail-3.png]
[appstack.bootlab.io/img/products/product-detail-4.png]
[appstack.bootlab.io/ecommerce-products-details.html]
[appstack.bootlab.io/ecommerce-orders.html]
[appstack.bootlab.io/ecommerce-orders-2.html]
[appstack.bootlab.io/ecommerce-customers.html]
[appstack.bootlab.io/ecommerce-customers-2.html]
[appstack.bootlab.io/ecommerce-invoice.html]
[appstack.bootlab.io/ecommerce-invoice-2.html]
[appstack.bootlab.io/ecommerce-pricing.html]
[appstack.bootlab.io/ecommerce-pricing-2.html]
[appstack.bootlab.io/projects-overview.html]
[appstack.bootlab.io/projects-details.html]
[appstack.bootlab.io/projects-details-2.html]
[appstack.bootlab.io/projects-overview-2.html]
[appstack.bootlab.io/chat.html]
[appstack.bootlab.io/chat-2.html]
[appstack.bootlab.io/file-manager.html]
[appstack.bootlab.io/file-manager-2.html]
[appstack.bootlab.io/auth-calendar.9c.delayed]
[appstack.bootlab.io/calendar.html]
[appstack.bootlab.io/email-inbox.html]
[appstack.bootlab.io/email-inbox-2.html]
[appstack.bootlab.io/email-details.html]
[appstack.bootlab.io/email-details-2.html]
[appstack.bootlab.io/tasks-list.html]
[appstack.bootlab.io/tasks-list-2.html]
[appstack.bootlab.io/tasks-kanban.html]
[appstack.bootlab.io/tasks-kanban-2.html]
[appstack.bootlab.io/pages-profile.html]
[appstack.bootlab.io/pages-profile-2.html]
[appstack.bootlab.io/pages-settings.html]
[appstack.bootlab.io/pages-settings-2.html]
[appstack.bootlab.io/pages-blank.html]
[appstack.bootlab.io/pages-blank-2.html]
[appstack.bootlab.io/auth-sign-in.html]
[appstack.bootlab.io/auth-sign-in-2.html]
[appstack.bootlab.io/auth-sign-in-cover.html]
[appstack.bootlab.io/auth-sign-in-cover-2.html]
[appstack.bootlab.io/auth-sign-up.html]
[appstack.bootlab.io/auth-sign-up-2.html]
[appstack.bootlab.io/auth-sign-up-cover.html]
[appstack.bootlab.io/auth-sign-up-cover-2.html]
[appstack.bootlab.io/auth-reset-password.html]
[appstack.bootlab.io/auth-reset-password-2.html]
[appstack.bootlab.io/auth-reset-password-cover.html]
[appstack.bootlab.io/auth-reset-password-cover-2.html]
[appstack.bootlab.io/auth-lock-screen.html]
[appstack.bootlab.io/auth-lock-screen-cover.html]
[appstack.bootlab.io/auth-lock-screen-2.html]
[appstack.bootlab.io/auth-2fa.html]
[appstack.bootlab.io/auth-2fa-cover.html]
[appstack.bootlab.io/auth-2fa-2.html]
[appstack.bootlab.io/auth-404.html]
[appstack.bootlab.io/auth-405.html]
[appstack.bootlab.io/auth-500.html]
[appstack.bootlab.io/landing.html]
[appstack.bootlab.io/auth-501.html]
[appstack.bootlab.io/docs-introduction-2.html]
[appstack.bootlab.io/docs-introduction.html]
[cdnjs.cloudflare.com/ajax/libs/highlight.js/9.12.0/highlight.min.js]
[appstack.bootlab.io/docs-installation.html]
[appstack.bootlab.io/docs-installation-2.html]
[appstack.bootlab.io/docs-customization.html]
[appstack.bootlab.io/docs-customization-2.html]
[appstack.bootlab.io/docs-plugins.html]
[appstack.bootlab.io/docs-plugins-2.html]
[appstack.bootlab.io/docs-changelog.html]
[appstack.bootlab.io/docs-changelog-2.html]
[appstack.bootlab.io/ui-alerts.html]
[appstack.bootlab.io/ui-alerts-2.html]
[appstack.bootlab.io/ui-buttons.html]
[appstack.bootlab.io/ui-cards.html]
[appstack.bootlab.io/ui-cards-2.html]
[appstack.bootlab.io/ui-carousel.html]
[appstack.bootlab.io/ui-carousel-2.html]
[appstack.bootlab.io/ui-embed-video.html]
[appstack.bootlab.io/ui-embed-video-2.html]
[appstack.bootlab.io/ui-general.html]
[appstack.bootlab.io/ui-grid.html]
[appstack.bootlab.io/ui-general-2.html]
[appstack.bootlab.io/ui-modals.html]
[appstack.bootlab.io/ui-modals-2.html]
[appstack.bootlab.io/ui-offcanvas.html]
[appstack.bootlab.io/ui-offcanvas-2.html]
[appstack.bootlab.io/ui-grid-2.html]
[appstack.bootlab.io/ui-placeholders.html]
[appstack.bootlab.io/ui-tabs.html]
[appstack.bootlab.io/ui-tabs-2.html]
[appstack.bootlab.io/ui-typography.html]
[appstack.bootlab.io/ui-typography-2.html]
[appstack.bootlab.io/icons-lucide.html]
[appstack.bootlab.io/icons-font-awesome.html]
[appstack.bootlab.io/forms-layouts.html]
[appstack.bootlab.io/forms-layouts-2.html]
[appstack.bootlab.io/forms-basic-inputs.html]
[appstack.bootlab.io/forms-input-groups.html]
[appstack.bootlab.io/forms-input-groups-2.html]
[appstack.bootlab.io/forms-floating-labels.html]
[appstack.bootlab.io/forms-floating-labels-2.html]
[appstack.bootlab.io/tables.html]
[appstack.bootlab.io/tables-2.html]
[appstack.bootlab.io/forms-advanced-inputs.html]
[appstack.bootlab.io/ui-placeholders-2.html]
[appstack.bootlab.io/forms-editors.html]
[appstack.bootlab.io/forms-validation.html]
[appstack.bootlab.io/forms-advanced-inputs-2.html]
[appstack.bootlab.io/forms-wizard.html]
[appstack.bootlab.io/forms-wizard-2.html]
[appstack.bootlab.io/forms-validation-2.html]
[appstack.bootlab.io/datatables-responsive.html]
[appstack.bootlab.io/datatables-buttons.html]
[appstack.bootlab.io/datatables-buttons-2.html]
[appstack.bootlab.io/datatables-column-search.html]
[appstack.bootlab.io/datatables-column-search-2.html]
[appstack.bootlab.io/datatables-fixed-header.html]
[appstack.bootlab.io/datatables-multi-2.html]
[appstack.bootlab.io/datatables-multi.html]
[appstack.bootlab.io/datatables-ajax-2.html]
[appstack.bootlab.io/datatables-ajax.html]
[appstack.bootlab.io/charts-chartjs-2.html]
[appstack.bootlab.io/charts-chartjs.html]
[appstack.bootlab.io/datatables-responsive-2.html]
[appstack.bootlab.io/charts-apexcharts.html]
[appstack.bootlab.io/charts-apexcharts-2.html]
[appstack.bootlab.io/notifications.html]
[appstack.bootlab.io/notifications-2.html]
[appstack.bootlab.io/maps-google.html]
[appstack.bootlab.io/maps-vector-2.html]
[appstack.bootlab.io/maps-vector.html]
[appstack.bootlab.io/img/brands/brand-1.svg]
[appstack.bootlab.io/img/brands/brand-2.svg]
[appstack.bootlab.io/img/brands/brand-3.svg]
[appstack.bootlab.io/img/brands/brand-4.svg]
[appstack.bootlab.io/img/brands/brand-5.svg]
[appstack.bootlab.io/index-2.html]
[appstack.bootlab.io/dashboard-defaultd976.html]
[appstack.bootlab.io/dashboard-defaultc765.html]
[appstack.bootlab.io/dashboard-default4965.html]
[appstack.bootlab.io/dashboard-default6a08.html]
[appstack.bootlab.io/dashboard-default6534.html]
[appstack.bootlab.io/img/brands/bootstrap.svg]
[appstack.bootlab.io/pages-projects-list.html]
[appstack.bootlab.io/dashboard-analytics-2.html]
[appstack.bootlab.io/maps-google-2.html]
[appstack.bootlab.io/img/illustrations/social.png]
[appstack.bootlab.io/dashboard-saas]
[appstack.bootlab.io/dashboard-social-2.html]
[appstack.bootlab.io/dashboard-crypto-2.html]
[appstack.bootlab.io/ecommerce-products-2.html]
[appstack.bootlab.io/img/products/product-9.png]
[appstack.bootlab.io/img/products/product-4.png]
[appstack.bootlab.io/datatables-fixed-header-2.html]
[appstack.bootlab.io/ecommerce-products-details-2.html]
[appstack.bootlab.io/ecommerce-orders-2.html]
[appstack.bootlab.io/ecommerce-customers-2.html]
[appstack.bootlab.io/ecommerce-invoice-2.html]
[appstack.bootlab.io/ecommerce-pricing-2.html]
[appstack.bootlab.io/projects-overview-2.html]
[appstack.bootlab.io/projects-details-2.html]
[appstack.bootlab.io/chat-2.html]
[appstack.bootlab.io/file-manager-2.html]
[appstack.bootlab.io/auth-calendar.html]
[appstack.bootlab.io/email-inbox-2.html]
[appstack.bootlab.io/email-details-2.html]
[appstack.bootlab.io/img/products/product-detail-1.png]
[appstack.bootlab.io/tasks-list-2.html]
[appstack.bootlab.io/tasks-kanban-2.html]
[appstack.bootlab.io/pages-profile-2.html]
[appstack.bootlab.io/pages-settings-2.html]
[appstack.bootlab.io/pages-blank-2.html]
[appstack.bootlab.io/auth-sign-in-2.html]
[appstack.bootlab.io/auth-sign-in-cover-2.html]
[appstack.bootlab.io/auth-sign-up-2.html]
[appstack.bootlab.io/auth-sign-up-cover-2.html]
[appstack.bootlab.io/auth-reset-password-2.html]
[appstack.bootlab.io/auth-reset-password-cover-2.html]
[appstack.bootlab.io/auth-lock-screen-2.html]
[appstack.bootlab.io/auth-2fa-2.html]
[appstack.bootlab.io/auth-405.html]
[appstack.bootlab.io/auth-501.html]
[appstack.bootlab.io/docs-introduction-2.html]
[appstack.bootlab.io/docs-installation-2.html]
[appstack.bootlab.io/docs-customization-2.html]
[appstack.bootlab.io/docs-plugins-2.html]
[appstack.bootlab.io/docs-changelog-2.html]
[appstack.bootlab.io/ui-alerts-2.html]
[appstack.bootlab.io/ui-cards-2.html]
[appstack.bootlab.io/ui-carousel-2.html]
[appstack.bootlab.io/ui-embed-video-2.html]
[appstack.bootlab.io/ui-general-2.html]
[appstack.bootlab.io/ui-grid-2.html]
[appstack.bootlab.io/ui-modals-2.html]
[appstack.bootlab.io/ui-offcanvas-2.html]
[appstack.bootlab.io/ui-placeholders-2.html]
[appstack.bootlab.io/ui-tabs-2.html]
[appstack.bootlab.io/ui-typography-2.html]
[appstack.bootlab.io/ui-buttons-2.html]
[appstack.bootlab.io/icons-lucide-2.html]
[appstack.bootlab.io/forms-layouts-2.html]
[appstack.bootlab.io/forms-basic-inputs-2.html]
[appstack.bootlab.io/forms-input-groups-2.html]
[appstack.bootlab.io/forms-floating-labels-2.html]
[appstack.bootlab.io/tables-2.html]
[appstack.bootlab.io/forms-advanced-inputs-2.html]
[appstack.bootlab.io/icons-font-awesome-2.html]
[appstack.bootlab.io/forms-validation-2.html]
[appstack.bootlab.io/forms-wizard-2.html]
[appstack.bootlab.io/datatables-responsive-2.html]
[appstack.bootlab.io/datatables-buttons-2.html]
[appstack.bootlab.io/datatables-column-search-2.html]
[appstack.bootlab.io/datatables-fixed-header-2.html]
[appstack.bootlab.io/datatables-multi-2.html]
[appstack.bootlab.io/datatables-ajax-2.html]
[appstack.bootlab.io/charts-chartjs-2.html]
[appstack.bootlab.io/charts-apexcharts-2.html]
[appstack.bootlab.io/notifications-2.html]
[appstack.bootlab.io/maps-google-2.html]
[appstack.bootlab.io/maps-vector-2.html]
[appstack.bootlab.io/forms-editors-2.html]
[appstack.bootlab.io/ui-buttons-2.html]
[appstack.bootlab.io/icons-lucide-2.html]
[appstack.bootlab.io/icons-font-awesome-2.html]
[appstack.bootlab.io/forms-basic-inputs-2.html]
[appstack.bootlab.io/forms-editors-2.html]
[appstack.bootlab.io/dashboard-saas.html]
[appstack.bootlab.io/dashboard-saas.html]
